// Jest Snapshot v1, https://goo.gl/fbAQLP

exports[`Config matches snapshot 1`] = `
<DocumentFragment>
  <h2>
    GitHub Personal access token
  </h2>
  <p>
    The secret will be stored on your browser so no one except you can check the value.
  </p>
  <p>
    <input
      type="password"
      value=""
    />
  </p>
</DocumentFragment>
`;
