// Jest Snapshot v1, https://goo.gl/fbAQLP

exports[`Config matches snapshot 1`] = `
<DocumentFragment>
  <h2>
    GitHub Personal access token
  </h2>
  <p>
    You can create new access token on 
    <a
      href="https://github.com/settings/tokens"
      target="_blank"
    >
      the GitHub
    </a>
    . You need to give "repo" scope to use this tool. The secret will be stored on your browser so no one except you can check the value.
  </p>
  <p>
    <input
      type="password"
      value=""
    />
  </p>
</DocumentFragment>
`;
